// Jest Snapshot v1, https://goo.gl/fbAQLP

exports[`InputText should match snapshot 1`] = `
<div>
  <input
    class="inputText"
    placeholder="Search"
    type="text"
    value="testing"
  />
</div>
`;
